// Jest Snapshot v1, https://goo.gl/fbAQLP

exports[`TESTING LandingPageScreen COMPONENT SNAPSHOT 1`] = `
<ContextProvider
  value={
    Object {
      "$$typeof": Symbol(react.context),
      "Consumer": Object {
        "$$typeof": Symbol(react.context),
        "_calculateChangedBits": null,
        "_context": [Circular],
      },
      "Provider": Object {
        "$$typeof": Symbol(react.provider),
        "_context": [Circular],
      },
      "_calculateChangedBits": null,
      "_currentRenderer": null,
      "_currentRenderer2": null,
      "_currentValue": undefined,
      "_currentValue2": undefined,
      "_threadCount": 0,
    }
  }
>
  <LandingPageScreen />
</ContextProvider>
`;
